Archive member included to satisfy reference by file (symbol)

c:/st/stm32cubeide_1.7.0/stm32cubeide/plugins/com.st.stm32cube.ide.mcu.externaltools.gnu-tools-for-stm32.9-2020-q2-update.win32_2.0.0.202105311346/tools/bin/../lib/gcc/arm-none-eabi/9.3.1/../../../../arm-none-eabi/lib/thumb/v7-m/nofp\libc_nano.a(lib_a-errno.o)
                              ./Core/Src/syscalls.o (__errno)
c:/st/stm32cubeide_1.7.0/stm32cubeide/plugins/com.st.stm32cube.ide.mcu.externaltools.gnu-tools-for-stm32.9-2020-q2-update.win32_2.0.0.202105311346/tools/bin/../lib/gcc/arm-none-eabi/9.3.1/../../../../arm-none-eabi/lib/thumb/v7-m/nofp\libc_nano.a(lib_a-exit.o)
                              c:/st/stm32cubeide_1.7.0/stm32cubeide/plugins/com.st.stm32cube.ide.mcu.externaltools.gnu-tools-for-stm32.9-2020-q2-update.win32_2.0.0.202105311346/tools/bin/../lib/gcc/arm-none-eabi/9.3.1/../../../../arm-none-eabi/lib/thumb/v7-m/nofp/crt0.o (exit)
c:/st/stm32cubeide_1.7.0/stm32cubeide/plugins/com.st.stm32cube.ide.mcu.externaltools.gnu-tools-for-stm32.9-2020-q2-update.win32_2.0.0.202105311346/tools/bin/../lib/gcc/arm-none-eabi/9.3.1/../../../../arm-none-eabi/lib/thumb/v7-m/nofp\libc_nano.a(lib_a-impure.o)
                              c:/st/stm32cubeide_1.7.0/stm32cubeide/plugins/com.st.stm32cube.ide.mcu.externaltools.gnu-tools-for-stm32.9-2020-q2-update.win32_2.0.0.202105311346/tools/bin/../lib/gcc/arm-none-eabi/9.3.1/../../../../arm-none-eabi/lib/thumb/v7-m/nofp\libc_nano.a(lib_a-exit.o) (_global_impure_ptr)
c:/st/stm32cubeide_1.7.0/stm32cubeide/plugins/com.st.stm32cube.ide.mcu.externaltools.gnu-tools-for-stm32.9-2020-q2-update.win32_2.0.0.202105311346/tools/bin/../lib/gcc/arm-none-eabi/9.3.1/../../../../arm-none-eabi/lib/thumb/v7-m/nofp\libc_nano.a(lib_a-init.o)
                              c:/st/stm32cubeide_1.7.0/stm32cubeide/plugins/com.st.stm32cube.ide.mcu.externaltools.gnu-tools-for-stm32.9-2020-q2-update.win32_2.0.0.202105311346/tools/bin/../lib/gcc/arm-none-eabi/9.3.1/../../../../arm-none-eabi/lib/thumb/v7-m/nofp/crt0.o (__libc_init_array)
c:/st/stm32cubeide_1.7.0/stm32cubeide/plugins/com.st.stm32cube.ide.mcu.externaltools.gnu-tools-for-stm32.9-2020-q2-update.win32_2.0.0.202105311346/tools/bin/../lib/gcc/arm-none-eabi/9.3.1/../../../../arm-none-eabi/lib/thumb/v7-m/nofp\libc_nano.a(lib_a-memset.o)
                              c:/st/stm32cubeide_1.7.0/stm32cubeide/plugins/com.st.stm32cube.ide.mcu.externaltools.gnu-tools-for-stm32.9-2020-q2-update.win32_2.0.0.202105311346/tools/bin/../lib/gcc/arm-none-eabi/9.3.1/../../../../arm-none-eabi/lib/thumb/v7-m/nofp/crt0.o (memset)

Allocating common symbols
Common symbol       size              file

uwTick              0x4               ./Drivers/STM32F1xx_HAL_Driver/Src/stm32f1xx_hal.o
pFlash              0x20              ./Drivers/STM32F1xx_HAL_Driver/Src/stm32f1xx_hal_flash.o
htim2               0x48              ./Core/Src/main.o

Discarded input sections

 .text          0x0000000000000000        0x0 c:/st/stm32cubeide_1.7.0/stm32cubeide/plugins/com.st.stm32cube.ide.mcu.externaltools.gnu-tools-for-stm32.9-2020-q2-update.win32_2.0.0.202105311346/tools/bin/../lib/gcc/arm-none-eabi/9.3.1/thumb/v7-m/nofp/crti.o
 .data          0x0000000000000000        0x0 c:/st/stm32cubeide_1.7.0/stm32cubeide/plugins/com.st.stm32cube.ide.mcu.externaltools.gnu-tools-for-stm32.9-2020-q2-update.win32_2.0.0.202105311346/tools/bin/../lib/gcc/arm-none-eabi/9.3.1/thumb/v7-m/nofp/crti.o
 .bss           0x0000000000000000        0x0 c:/st/stm32cubeide_1.7.0/stm32cubeide/plugins/com.st.stm32cube.ide.mcu.externaltools.gnu-tools-for-stm32.9-2020-q2-update.win32_2.0.0.202105311346/tools/bin/../lib/gcc/arm-none-eabi/9.3.1/thumb/v7-m/nofp/crti.o
 .data          0x0000000000000000        0x4 c:/st/stm32cubeide_1.7.0/stm32cubeide/plugins/com.st.stm32cube.ide.mcu.externaltools.gnu-tools-for-stm32.9-2020-q2-update.win32_2.0.0.202105311346/tools/bin/../lib/gcc/arm-none-eabi/9.3.1/thumb/v7-m/nofp/crtbegin.o
 .text          0x0000000000000000       0x7c c:/st/stm32cubeide_1.7.0/stm32cubeide/plugins/com.st.stm32cube.ide.mcu.externaltools.gnu-tools-for-stm32.9-2020-q2-update.win32_2.0.0.202105311346/tools/bin/../lib/gcc/arm-none-eabi/9.3.1/../../../../arm-none-eabi/lib/thumb/v7-m/nofp/crt0.o
 .data          0x0000000000000000        0x0 c:/st/stm32cubeide_1.7.0/stm32cubeide/plugins/com.st.stm32cube.ide.mcu.externaltools.gnu-tools-for-stm32.9-2020-q2-update.win32_2.0.0.202105311346/tools/bin/../lib/gcc/arm-none-eabi/9.3.1/../../../../arm-none-eabi/lib/thumb/v7-m/nofp/crt0.o
 .bss           0x0000000000000000        0x0 c:/st/stm32cubeide_1.7.0/stm32cubeide/plugins/com.st.stm32cube.ide.mcu.externaltools.gnu-tools-for-stm32.9-2020-q2-update.win32_2.0.0.202105311346/tools/bin/../lib/gcc/arm-none-eabi/9.3.1/../../../../arm-none-eabi/lib/thumb/v7-m/nofp/crt0.o
[...]
Memory Configuration

Name             Origin             Length             Attributes
RAM              0x0000000020000000 0x0000000000002800 xrw
FLASH            0x0000000008000000 0x0000000000008000 xr
*default*        0x0000000000000000 0xffffffffffffffff

Linker script and memory map

LOAD c:/st/stm32cubeide_1.7.0/stm32cubeide/plugins/com.st.stm32cube.ide.mcu.externaltools.gnu-tools-for-stm32.9-2020-q2-update.win32_2.0.0.202105311346/tools/bin/../lib/gcc/arm-none-eabi/9.3.1/thumb/v7-m/nofp/crti.o
LOAD c:/st/stm32cubeide_1.7.0/stm32cubeide/plugins/com.st.stm32cube.ide.mcu.externaltools.gnu-tools-for-stm32.9-2020-q2-update.win32_2.0.0.202105311346/tools/bin/../lib/gcc/arm-none-eabi/9.3.1/thumb/v7-m/nofp/crtbegin.o
LOAD c:/st/stm32cubeide_1.7.0/stm32cubeide/plugins/com.st.stm32cube.ide.mcu.externaltools.gnu-tools-for-stm32.9-2020-q2-update.win32_2.0.0.202105311346/tools/bin/../lib/gcc/arm-none-eabi/9.3.1/../../../../arm-none-eabi/lib/thumb/v7-m/nofp/crt0.o
LOAD ./Core/Src/button.o
LOAD ./Core/Src/display_7segment.o
LOAD ./Core/Src/fsm_automatic.o
LOAD ./Core/Src/global.o
LOAD ./Core/Src/main.o
LOAD ./Core/Src/software_timer.o
LOAD ./Core/Src/stm32f1xx_hal_msp.o
LOAD ./Core/Src/stm32f1xx_it.o
LOAD ./Core/Src/syscalls.o
LOAD ./Core/Src/sysmem.o
LOAD ./Core/Src/system_stm32f1xx.o
LOAD ./Core/Src/traffic_led.o
LOAD ./Core/Startup/startup_stm32f103c6ux.o
LOAD ./Drivers/STM32F1xx_HAL_Driver/Src/stm32f1xx_hal.o
LOAD ./Drivers/STM32F1xx_HAL_Driver/Src/stm32f1xx_hal_cortex.o
LOAD ./Drivers/STM32F1xx_HAL_Driver/Src/stm32f1xx_hal_dma.o
LOAD ./Drivers/STM32F1xx_HAL_Driver/Src/stm32f1xx_hal_exti.o
LOAD ./Drivers/STM32F1xx_HAL_Driver/Src/stm32f1xx_hal_flash.o
LOAD ./Drivers/STM32F1xx_HAL_Driver/Src/stm32f1xx_hal_flash_ex.o
LOAD ./Drivers/STM32F1xx_HAL_Driver/Src/stm32f1xx_hal_gpio.o
LOAD ./Drivers/STM32F1xx_HAL_Driver/Src/stm32f1xx_hal_gpio_ex.o
LOAD ./Drivers/STM32F1xx_HAL_Driver/Src/stm32f1xx_hal_pwr.o
LOAD ./Drivers/STM32F1xx_HAL_Driver/Src/stm32f1xx_hal_rcc.o
LOAD ./Drivers/STM32F1xx_HAL_Driver/Src/stm32f1xx_hal_rcc_ex.o
LOAD ./Drivers/STM32F1xx_HAL_Driver/Src/stm32f1xx_hal_tim.o
LOAD ./Drivers/STM32F1xx_HAL_Driver/Src/stm32f1xx_hal_tim_ex.o
START GROUP
LOAD c:/st/stm32cubeide_1.7.0/stm32cubeide/plugins/com.st.stm32cube.ide.mcu.externaltools.gnu-tools-for-stm32.9-2020-q2-update.win32_2.0.0.202105311346/tools/bin/../lib/gcc/arm-none-eabi/9.3.1/../../../../arm-none-eabi/lib/thumb/v7-m/nofp\libc_nano.a
LOAD c:/st/stm32cubeide_1.7.0/stm32cubeide/plugins/com.st.stm32cube.ide.mcu.externaltools.gnu-tools-for-stm32.9-2020-q2-update.win32_2.0.0.202105311346/tools/bin/../lib/gcc/arm-none-eabi/9.3.1/../../../../arm-none-eabi/lib/thumb/v7-m/nofp\libm.a
END GROUP
START GROUP
LOAD c:/st/stm32cubeide_1.7.0/stm32cubeide/plugins/com.st.stm32cube.ide.mcu.externaltools.gnu-tools-for-stm32.9-2020-q2-update.win32_2.0.0.202105311346/tools/bin/../lib/gcc/arm-none-eabi/9.3.1/thumb/v7-m/nofp\libgcc.a
LOAD c:/st/stm32cubeide_1.7.0/stm32cubeide/plugins/com.st.stm32cube.ide.mcu.externaltools.gnu-tools-for-stm32.9-2020-q2-update.win32_2.0.0.202105311346/tools/bin/../lib/gcc/arm-none-eabi/9.3.1/../../../../arm-none-eabi/lib/thumb/v7-m/nofp\libc_nano.a
END GROUP
START GROUP
LOAD c:/st/stm32cubeide_1.7.0/stm32cubeide/plugins/com.st.stm32cube.ide.mcu.externaltools.gnu-tools-for-stm32.9-2020-q2-update.win32_2.0.0.202105311346/tools/bin/../lib/gcc/arm-none-eabi/9.3.1/thumb/v7-m/nofp\libgcc.a
LOAD c:/st/stm32cubeide_1.7.0/stm32cubeide/plugins/com.st.stm32cube.ide.mcu.externaltools.gnu-tools-for-stm32.9-2020-q2-update.win32_2.0.0.202105311346/tools/bin/../lib/gcc/arm-none-eabi/9.3.1/../../../../arm-none-eabi/lib/thumb/v7-m/nofp\libc_nano.a
LOAD c:/st/stm32cubeide_1.7.0/stm32cubeide/plugins/com.st.stm32cube.ide.mcu.externaltools.gnu-tools-for-stm32.9-2020-q2-update.win32_2.0.0.202105311346/tools/bin/../lib/gcc/arm-none-eabi/9.3.1/../../../../arm-none-eabi/lib/thumb/v7-m/nofp\libnosys.a
END GROUP
START GROUP
LOAD c:/st/stm32cubeide_1.7.0/stm32cubeide/plugins/com.st.stm32cube.ide.mcu.externaltools.gnu-tools-for-stm32.9-2020-q2-update.win32_2.0.0.202105311346/tools/bin/../lib/gcc/arm-none-eabi/9.3.1/thumb/v7-m/nofp\libgcc.a
LOAD c:/st/stm32cubeide_1.7.0/stm32cubeide/plugins/com.st.stm32cube.ide.mcu.externaltools.gnu-tools-for-stm32.9-2020-q2-update.win32_2.0.0.202105311346/tools/bin/../lib/gcc/arm-none-eabi/9.3.1/../../../../arm-none-eabi/lib/thumb/v7-m/nofp\libc_nano.a
LOAD c:/st/stm32cubeide_1.7.0/stm32cubeide/plugins/com.st.stm32cube.ide.mcu.externaltools.gnu-tools-for-stm32.9-2020-q2-update.win32_2.0.0.202105311346/tools/bin/../lib/gcc/arm-none-eabi/9.3.1/../../../../arm-none-eabi/lib/thumb/v7-m/nofp\libnosys.a
END GROUP
LOAD c:/st/stm32cubeide_1.7.0/stm32cubeide/plugins/com.st.stm32cube.ide.mcu.externaltools.gnu-tools-for-stm32.9-2020-q2-update.win32_2.0.0.202105311346/tools/bin/../lib/gcc/arm-none-eabi/9.3.1/thumb/v7-m/nofp/crtend.o
LOAD c:/st/stm32cubeide_1.7.0/stm32cubeide/plugins/com.st.stm32cube.ide.mcu.externaltools.gnu-tools-for-stm32.9-2020-q2-update.win32_2.0.0.202105311346/tools/bin/../lib/gcc/arm-none-eabi/9.3.1/thumb/v7-m/nofp/crtn.o
                0x0000000020002800                _estack = (ORIGIN (RAM) + LENGTH (RAM))
                0x0000000000000200                _Min_Heap_Size = 0x200
                0x0000000000000400                _Min_Stack_Size = 0x400

.isr_vector     0x0000000008000000      0x10c
                0x0000000008000000                . = ALIGN (0x4)
 *(.isr_vector)
 .isr_vector    0x0000000008000000      0x10c ./Core/Startup/startup_stm32f103c6ux.o
                0x0000000008000000                g_pfnVectors
                0x000000000800010c                . = ALIGN (0x4)

.text           0x000000000800010c     0x24e8
                0x000000000800010c                . = ALIGN (0x4)
 *(.text)
 .text          0x000000000800010c       0x40 c:/st/stm32cubeide_1.7.0/stm32cubeide/plugins/com.st.stm32cube.ide.mcu.externaltools.gnu-tools-for-stm32.9-2020-q2-update.win32_2.0.0.202105311346/tools/bin/../lib/gcc/arm-none-eabi/9.3.1/thumb/v7-m/nofp/crtbegin.o
 *(.text*)
 .text.getKeyInput
                0x000000000800014c      0x178 ./Core/Src/button.o
                0x000000000800014c                getKeyInput
 .text.display_7seg1
                0x00000000080002c4       0xdc ./Core/Src/display_7segment.o
                0x00000000080002c4                display_7seg1
 .text.display_7seg2
                0x00000000080003a0       0xe8 ./Core/Src/display_7segment.o
                0x00000000080003a0                display_7seg2
 .text.turn_7segment
                0x0000000008000488       0xf4 ./Core/Src/display_7segment.o
                0x0000000008000488                turn_7segment
 .text.fsm_automatic_run
                0x000000000800057c      0x21c ./Core/Src/fsm_automatic.o
                0x000000000800057c                fsm_automatic_run
 .text.fsm_man_run
                0x0000000008000798      0x198 ./Core/Src/fsm_automatic.o
                0x0000000008000798                fsm_man_run
 .text.main     0x0000000008000930       0x34 ./Core/Src/main.o
                0x0000000008000930                main
 .text.SystemClock_Config
                0x0000000008000964       0x76 ./Core/Src/main.o
                0x0000000008000964                SystemClock_Config
 *fill*         0x00000000080009da        0x2 
 .text.MX_TIM2_Init
                0x00000000080009dc       0x98 ./Core/Src/main.o
 .text.MX_GPIO_Init
                0x0000000008000a74       0xc4 ./Core/Src/main.o
 .text.HAL_TIM_PeriodElapsedCallback
                0x0000000008000b38       0x18 ./Core/Src/main.o
                0x0000000008000b38                HAL_TIM_PeriodElapsedCallback
 .text.Error_Handler
                0x0000000008000b50        0xa ./Core/Src/main.o
                0x0000000008000b50                Error_Handler
 *fill*         0x0000000008000b5a        0x2 
 .text.setTimer1
                0x0000000008000b5c       0x38 ./Core/Src/software_timer.o
                0x0000000008000b5c                setTimer1
 .text.setTimer2
                0x0000000008000b94       0x38 ./Core/Src/software_timer.o
                0x0000000008000b94                setTimer2
 .text.setTimer3
                0x0000000008000bcc       0x38 ./Core/Src/software_timer.o
                0x0000000008000bcc                setTimer3
 .text.timerRun
                0x0000000008000c04       0x84 ./Core/Src/software_timer.o
                0x0000000008000c04                timerRun
 .text.HAL_MspInit
                0x0000000008000c88       0x64 ./Core/Src/stm32f1xx_hal_msp.o
                0x0000000008000c88                HAL_MspInit
 .text.HAL_TIM_Base_MspInit
                0x0000000008000cec       0x48 ./Core/Src/stm32f1xx_hal_msp.o
                0x0000000008000cec                HAL_TIM_Base_MspInit
 .text.NMI_Handler
                0x0000000008000d34        0x6 ./Core/Src/stm32f1xx_it.o
                0x0000000008000d34                NMI_Handler
 .text.HardFault_Handler
                0x0000000008000d3a        0x6 ./Core/Src/stm32f1xx_it.o
                0x0000000008000d3a                HardFault_Handler
 .text.MemManage_Handler
                0x0000000008000d40        0x6 ./Core/Src/stm32f1xx_it.o
                0x0000000008000d40                MemManage_Handler
 .text.BusFault_Handler
                0x0000000008000d46        0x6 ./Core/Src/stm32f1xx_it.o
                0x0000000008000d46                BusFault_Handler
 .text.UsageFault_Handler
                0x0000000008000d4c        0x6 ./Core/Src/stm32f1xx_it.o
                0x0000000008000d4c                UsageFault_Handler
 .text.SVC_Handler
                0x0000000008000d52        0xc ./Core/Src/stm32f1xx_it.o
                0x0000000008000d52                SVC_Handler
 .text.DebugMon_Handler
                0x0000000008000d5e        0xc ./Core/Src/stm32f1xx_it.o
                0x0000000008000d5e                DebugMon_Handler
 .text.PendSV_Handler
                0x0000000008000d6a        0xc ./Core/Src/stm32f1xx_it.o
                0x0000000008000d6a                PendSV_Handler
 .text.SysTick_Handler
                0x0000000008000d76        0xc ./Core/Src/stm32f1xx_it.o
                0x0000000008000d76                SysTick_Handler
 *fill*         0x0000000008000d82        0x2 
 .text.TIM2_IRQHandler
                0x0000000008000d84       0x14 ./Core/Src/stm32f1xx_it.o
                0x0000000008000d84                TIM2_IRQHandler
 .text.SystemInit
                0x0000000008000d98        0xc ./Core/Src/system_stm32f1xx.o
                0x0000000008000d98                SystemInit
 .text.turn_led1
                0x0000000008000da4       0x90 ./Core/Src/traffic_led.o
                0x0000000008000da4                turn_led1
 .text.turn_led2
                0x0000000008000e34       0x9c ./Core/Src/traffic_led.o
                0x0000000008000e34                turn_led2
 .text.toggle_led
                0x0000000008000ed0       0x6c ./Core/Src/traffic_led.o
                0x0000000008000ed0                toggle_led
 .text.Reset_Handler
                0x0000000008000f3c       0x48 ./Core/Startup/startup_stm32f103c6ux.o
                0x0000000008000f3c                Reset_Handler
 .text.Default_Handler
                0x0000000008000f84        0x2 ./Core/Startup/startup_stm32f103c6ux.o
                0x0000000008000f84                RTC_Alarm_IRQHandler
                0x0000000008000f84                EXTI2_IRQHandler
                0x0000000008000f84                TIM1_CC_IRQHandler
                0x0000000008000f84                PVD_IRQHandler
                0x0000000008000f84                EXTI3_IRQHandler
                0x0000000008000f84                EXTI0_IRQHandler
                0x0000000008000f84                ADC1_2_IRQHandler
                0x0000000008000f84                SPI1_IRQHandler
                0x0000000008000f84                TAMPER_IRQHandler
                0x0000000008000f84                DMA1_Channel4_IRQHandler
                0x0000000008000f84                RTC_IRQHandler
                0x0000000008000f84                DMA1_Channel7_IRQHandler
                0x0000000008000f84                CAN1_RX1_IRQHandler
                0x0000000008000f84                I2C1_EV_IRQHandler
                0x0000000008000f84                DMA1_Channel6_IRQHandler
                0x0000000008000f84                TIM3_IRQHandler
                0x0000000008000f84                RCC_IRQHandler
                0x0000000008000f84                TIM1_TRG_COM_IRQHandler
                0x0000000008000f84                DMA1_Channel1_IRQHandler
                0x0000000008000f84                Default_Handler
                0x0000000008000f84                EXTI15_10_IRQHandler
                0x0000000008000f84                EXTI9_5_IRQHandler
                0x0000000008000f84                DMA1_Channel5_IRQHandler
                0x0000000008000f84                EXTI4_IRQHandler
                0x0000000008000f84                USB_LP_CAN1_RX0_IRQHandler
                0x0000000008000f84                USB_HP_CAN1_TX_IRQHandler
                0x0000000008000f84                DMA1_Channel3_IRQHandler
                0x0000000008000f84                TIM1_UP_IRQHandler
                0x0000000008000f84                WWDG_IRQHandler
                0x0000000008000f84                TIM1_BRK_IRQHandler
                0x0000000008000f84                EXTI1_IRQHandler
                0x0000000008000f84                USART2_IRQHandler
                0x0000000008000f84                DMA1_Channel2_IRQHandler
                0x0000000008000f84                CAN1_SCE_IRQHandler
                0x0000000008000f84                FLASH_IRQHandler
                0x0000000008000f84                USART1_IRQHandler
                0x0000000008000f84                I2C1_ER_IRQHandler
                0x0000000008000f84                USBWakeUp_IRQHandler
 *fill*         0x0000000008000f86        0x2 
 .text.HAL_Init
                0x0000000008000f88       0x2c ./Drivers/STM32F1xx_HAL_Driver/Src/stm32f1xx_hal.o
                0x0000000008000f88                HAL_Init
 .text.HAL_InitTick
                0x0000000008000fb4       0x60 ./Drivers/STM32F1xx_HAL_Driver/Src/stm32f1xx_hal.o
                0x0000000008000fb4                HAL_InitTick
 .text.HAL_IncTick
                0x0000000008001014       0x24 ./Drivers/STM32F1xx_HAL_Driver/Src/stm32f1xx_hal.o
                0x0000000008001014                HAL_IncTick
 .text.HAL_GetTick
                0x0000000008001038       0x14 ./Drivers/STM32F1xx_HAL_Driver/Src/stm32f1xx_hal.o
                0x0000000008001038                HAL_GetTick
 .text.__NVIC_SetPriorityGrouping
                0x000000000800104c       0x48 ./Drivers/STM32F1xx_HAL_Driver/Src/stm32f1xx_hal_cortex.o
 .text.__NVIC_GetPriorityGrouping
                0x0000000008001094       0x1c ./Drivers/STM32F1xx_HAL_Driver/Src/stm32f1xx_hal_cortex.o
 .text.__NVIC_EnableIRQ
                0x00000000080010b0       0x38 ./Drivers/STM32F1xx_HAL_Driver/Src/stm32f1xx_hal_cortex.o
 .text.__NVIC_SetPriority
                0x00000000080010e8       0x54 ./Drivers/STM32F1xx_HAL_Driver/Src/stm32f1xx_hal_cortex.o
 .text.NVIC_EncodePriority
                0x000000000800113c       0x64 ./Drivers/STM32F1xx_HAL_Driver/Src/stm32f1xx_hal_cortex.o
 .text.SysTick_Config
                0x00000000080011a0       0x44 ./Drivers/STM32F1xx_HAL_Driver/Src/stm32f1xx_hal_cortex.o
 .text.HAL_NVIC_SetPriorityGrouping
                0x00000000080011e4       0x16 ./Drivers/STM32F1xx_HAL_Driver/Src/stm32f1xx_hal_cortex.o
                0x00000000080011e4                HAL_NVIC_SetPriorityGrouping
 .text.HAL_NVIC_SetPriority
                0x00000000080011fa       0x38 ./Drivers/STM32F1xx_HAL_Driver/Src/stm32f1xx_hal_cortex.o
                0x00000000080011fa                HAL_NVIC_SetPriority
 .text.HAL_NVIC_EnableIRQ
                0x0000000008001232       0x1c ./Drivers/STM32F1xx_HAL_Driver/Src/stm32f1xx_hal_cortex.o
                0x0000000008001232                HAL_NVIC_EnableIRQ
 .text.HAL_SYSTICK_Config
                0x000000000800124e       0x18 ./Drivers/STM32F1xx_HAL_Driver/Src/stm32f1xx_hal_cortex.o
                0x000000000800124e                HAL_SYSTICK_Config
 *fill*         0x0000000008001266        0x2 
 .text.HAL_GPIO_Init
                0x0000000008001268      0x2f4 ./Drivers/STM32F1xx_HAL_Driver/Src/stm32f1xx_hal_gpio.o
                0x0000000008001268                HAL_GPIO_Init
 .text.HAL_GPIO_ReadPin
                0x000000000800155c       0x2e ./Drivers/STM32F1xx_HAL_Driver/Src/stm32f1xx_hal_gpio.o
                0x000000000800155c                HAL_GPIO_ReadPin
 .text.HAL_GPIO_WritePin
                0x000000000800158a       0x30 ./Drivers/STM32F1xx_HAL_Driver/Src/stm32f1xx_hal_gpio.o
                0x000000000800158a                HAL_GPIO_WritePin
 .text.HAL_GPIO_TogglePin
                0x00000000080015ba       0x32 ./Drivers/STM32F1xx_HAL_Driver/Src/stm32f1xx_hal_gpio.o
                0x00000000080015ba                HAL_GPIO_TogglePin
 .text.HAL_RCC_OscConfig
                0x00000000080015ec      0x500 ./Drivers/STM32F1xx_HAL_Driver/Src/stm32f1xx_hal_rcc.o
                0x00000000080015ec                HAL_RCC_OscConfig
 .text.HAL_RCC_ClockConfig
                0x0000000008001aec      0x1d4 ./Drivers/STM32F1xx_HAL_Driver/Src/stm32f1xx_hal_rcc.o
                0x0000000008001aec                HAL_RCC_ClockConfig
 .text.HAL_RCC_GetSysClockFreq
                0x0000000008001cc0       0xc0 ./Drivers/STM32F1xx_HAL_Driver/Src/stm32f1xx_hal_rcc.o
                0x0000000008001cc0                HAL_RCC_GetSysClockFreq
 .text.RCC_Delay
                0x0000000008001d80       0x3c ./Drivers/STM32F1xx_HAL_Driver/Src/stm32f1xx_hal_rcc.o
 .text.HAL_TIM_Base_Init
                0x0000000008001dbc       0x9e ./Drivers/STM32F1xx_HAL_Driver/Src/stm32f1xx_hal_tim.o
                0x0000000008001dbc                HAL_TIM_Base_Init
 *fill*         0x0000000008001e5a        0x2 
 .text.HAL_TIM_Base_Start_IT
                0x0000000008001e5c       0x98 ./Drivers/STM32F1xx_HAL_Driver/Src/stm32f1xx_hal_tim.o
                0x0000000008001e5c                HAL_TIM_Base_Start_IT
 .text.HAL_TIM_IRQHandler
                0x0000000008001ef4      0x210 ./Drivers/STM32F1xx_HAL_Driver/Src/stm32f1xx_hal_tim.o
                0x0000000008001ef4                HAL_TIM_IRQHandler
 .text.HAL_TIM_ConfigClockSource
                0x0000000008002104      0x188 ./Drivers/STM32F1xx_HAL_Driver/Src/stm32f1xx_hal_tim.o
                0x0000000008002104                HAL_TIM_ConfigClockSource
 .text.HAL_TIM_OC_DelayElapsedCallback
                0x000000000800228c       0x12 ./Drivers/STM32F1xx_HAL_Driver/Src/stm32f1xx_hal_tim.o
                0x000000000800228c                HAL_TIM_OC_DelayElapsedCallback
 .text.HAL_TIM_IC_CaptureCallback
                0x000000000800229e       0x12 ./Drivers/STM32F1xx_HAL_Driver/Src/stm32f1xx_hal_tim.o
                0x000000000800229e                HAL_TIM_IC_CaptureCallback
 .text.HAL_TIM_PWM_PulseFinishedCallback
                0x00000000080022b0       0x12 ./Drivers/STM32F1xx_HAL_Driver/Src/stm32f1xx_hal_tim.o
                0x00000000080022b0                HAL_TIM_PWM_PulseFinishedCallback
 .text.HAL_TIM_TriggerCallback
                0x00000000080022c2       0x12 ./Drivers/STM32F1xx_HAL_Driver/Src/stm32f1xx_hal_tim.o
                0x00000000080022c2                HAL_TIM_TriggerCallback
 .text.TIM_Base_SetConfig
                0x00000000080022d4       0xb0 ./Drivers/STM32F1xx_HAL_Driver/Src/stm32f1xx_hal_tim.o
                0x00000000080022d4                TIM_Base_SetConfig
 .text.TIM_TI1_ConfigInputStage
                0x0000000008002384       0x5c ./Drivers/STM32F1xx_HAL_Driver/Src/stm32f1xx_hal_tim.o
 .text.TIM_TI2_ConfigInputStage
                0x00000000080023e0       0x5e ./Drivers/STM32F1xx_HAL_Driver/Src/stm32f1xx_hal_tim.o
 .text.TIM_ITRx_SetConfig
                0x000000000800243e       0x34 ./Drivers/STM32F1xx_HAL_Driver/Src/stm32f1xx_hal_tim.o
 .text.TIM_ETR_SetConfig
                0x0000000008002472       0x3e ./Drivers/STM32F1xx_HAL_Driver/Src/stm32f1xx_hal_tim.o
                0x0000000008002472                TIM_ETR_SetConfig
 .text.HAL_TIMEx_MasterConfigSynchronization
                0x00000000080024b0       0xb0 ./Drivers/STM32F1xx_HAL_Driver/Src/stm32f1xx_hal_tim_ex.o
                0x00000000080024b0                HAL_TIMEx_MasterConfigSynchronization
 .text.HAL_TIMEx_CommutCallback
                0x0000000008002560       0x12 ./Drivers/STM32F1xx_HAL_Driver/Src/stm32f1xx_hal_tim_ex.o
                0x0000000008002560                HAL_TIMEx_CommutCallback
 .text.HAL_TIMEx_BreakCallback
                0x0000000008002572       0x12 ./Drivers/STM32F1xx_HAL_Driver/Src/stm32f1xx_hal_tim_ex.o
                0x0000000008002572                HAL_TIMEx_BreakCallback
 .text.__libc_init_array
                0x0000000008002584       0x48 c:/st/stm32cubeide_1.7.0/stm32cubeide/plugins/com.st.stm32cube.ide.mcu.externaltools.gnu-tools-for-stm32.9-2020-q2-update.win32_2.0.0.202105311346/tools/bin/../lib/gcc/arm-none-eabi/9.3.1/../../../../arm-none-eabi/lib/thumb/v7-m/nofp\libc_nano.a(lib_a-init.o)
                0x0000000008002584                __libc_init_array
 .text.memset   0x00000000080025cc       0x10 c:/st/stm32cubeide_1.7.0/stm32cubeide/plugins/com.st.stm32cube.ide.mcu.externaltools.gnu-tools-for-stm32.9-2020-q2-update.win32_2.0.0.202105311346/tools/bin/../lib/gcc/arm-none-eabi/9.3.1/../../../../arm-none-eabi/lib/thumb/v7-m/nofp\libc_nano.a(lib_a-memset.o)
                0x00000000080025cc                memset
 *(.glue_7)
 .glue_7        0x00000000080025dc        0x0 linker stubs
 *(.glue_7t)
 .glue_7t       0x00000000080025dc        0x0 linker stubs
 *(.eh_frame)
 .eh_frame      0x00000000080025dc        0x0 c:/st/stm32cubeide_1.7.0/stm32cubeide/plugins/com.st.stm32cube.ide.mcu.externaltools.gnu-tools-for-stm32.9-2020-q2-update.win32_2.0.0.202105311346/tools/bin/../lib/gcc/arm-none-eabi/9.3.1/thumb/v7-m/nofp/crtbegin.o
 *(.init)
 .init          0x00000000080025dc        0x4 c:/st/stm32cubeide_1.7.0/stm32cubeide/plugins/com.st.stm32cube.ide.mcu.externaltools.gnu-tools-for-stm32.9-2020-q2-update.win32_2.0.0.202105311346/tools/bin/../lib/gcc/arm-none-eabi/9.3.1/thumb/v7-m/nofp/crti.o
                0x00000000080025dc                _init
 .init          0x00000000080025e0        0x8 c:/st/stm32cubeide_1.7.0/stm32cubeide/plugins/com.st.stm32cube.ide.mcu.externaltools.gnu-tools-for-stm32.9-2020-q2-update.win32_2.0.0.202105311346/tools/bin/../lib/gcc/arm-none-eabi/9.3.1/thumb/v7-m/nofp/crtn.o
 *(.fini)
 .fini          0x00000000080025e8        0x4 c:/st/stm32cubeide_1.7.0/stm32cubeide/plugins/com.st.stm32cube.ide.mcu.externaltools.gnu-tools-for-stm32.9-2020-q2-update.win32_2.0.0.202105311346/tools/bin/../lib/gcc/arm-none-eabi/9.3.1/thumb/v7-m/nofp/crti.o
                0x00000000080025e8                _fini
 .fini          0x00000000080025ec        0x8 c:/st/stm32cubeide_1.7.0/stm32cubeide/plugins/com.st.stm32cube.ide.mcu.externaltools.gnu-tools-for-stm32.9-2020-q2-update.win32_2.0.0.202105311346/tools/bin/../lib/gcc/arm-none-eabi/9.3.1/thumb/v7-m/nofp/crtn.o
                0x00000000080025f4                . = ALIGN (0x4)
                0x00000000080025f4                _etext = .

.vfp11_veneer   0x00000000080025f4        0x0
 .vfp11_veneer  0x00000000080025f4        0x0 linker stubs

.v4_bx          0x00000000080025f4        0x0
 .v4_bx         0x00000000080025f4        0x0 linker stubs

.iplt           0x00000000080025f4        0x0
 .iplt          0x00000000080025f4        0x0 c:/st/stm32cubeide_1.7.0/stm32cubeide/plugins/com.st.stm32cube.ide.mcu.externaltools.gnu-tools-for-stm32.9-2020-q2-update.win32_2.0.0.202105311346/tools/bin/../lib/gcc/arm-none-eabi/9.3.1/thumb/v7-m/nofp/crtbegin.o

.rodata         0x00000000080025f4       0x20
                0x00000000080025f4                . = ALIGN (0x4)
 *(.rodata)
 .rodata        0x00000000080025f4       0x10 ./Drivers/STM32F1xx_HAL_Driver/Src/stm32f1xx_hal_rcc.o
 *(.rodata*)
 .rodata.AHBPrescTable
                0x0000000008002604       0x10 ./Core/Src/system_stm32f1xx.o
                0x0000000008002604                AHBPrescTable
                0x0000000008002614                . = ALIGN (0x4)

.rel.dyn        0x0000000008002614        0x0
 .rel.iplt      0x0000000008002614        0x0 c:/st/stm32cubeide_1.7.0/stm32cubeide/plugins/com.st.stm32cube.ide.mcu.externaltools.gnu-tools-for-stm32.9-2020-q2-update.win32_2.0.0.202105311346/tools/bin/../lib/gcc/arm-none-eabi/9.3.1/thumb/v7-m/nofp/crtbegin.o

.ARM.extab      0x0000000008002614        0x0
                0x0000000008002614                . = ALIGN (0x4)
 *(.ARM.extab* .gnu.linkonce.armextab.*)
                0x0000000008002614                . = ALIGN (0x4)

.ARM            0x0000000008002614        0x0
                0x0000000008002614                . = ALIGN (0x4)
                0x0000000008002614                __exidx_start = .
 *(.ARM.exidx*)
                0x0000000008002614                __exidx_end = .
                0x0000000008002614                . = ALIGN (0x4)

.preinit_array  0x0000000008002614        0x0
                0x0000000008002614                . = ALIGN (0x4)
                0x0000000008002614                PROVIDE (__preinit_array_start = .)
 *(.preinit_array*)
                0x0000000008002614                PROVIDE (__preinit_array_end = .)
                0x0000000008002614                . = ALIGN (0x4)

.init_array     0x0000000008002614        0x4
                0x0000000008002614                . = ALIGN (0x4)
                0x0000000008002614                PROVIDE (__init_array_start = .)
 *(SORT_BY_NAME(.init_array.*))
 *(.init_array*)
 .init_array    0x0000000008002614        0x4 c:/st/stm32cubeide_1.7.0/stm32cubeide/plugins/com.st.stm32cube.ide.mcu.externaltools.gnu-tools-for-stm32.9-2020-q2-update.win32_2.0.0.202105311346/tools/bin/../lib/gcc/arm-none-eabi/9.3.1/thumb/v7-m/nofp/crtbegin.o
                0x0000000008002618                PROVIDE (__init_array_end = .)
                0x0000000008002618                . = ALIGN (0x4)

.fini_array     0x0000000008002618        0x4
                0x0000000008002618                . = ALIGN (0x4)
                [!provide]                        PROVIDE (__fini_array_start = .)
 *(SORT_BY_NAME(.fini_array.*))
 *(.fini_array*)
 .fini_array    0x0000000008002618        0x4 c:/st/stm32cubeide_1.7.0/stm32cubeide/plugins/com.st.stm32cube.ide.mcu.externaltools.gnu-tools-for-stm32.9-2020-q2-update.win32_2.0.0.202105311346/tools/bin/../lib/gcc/arm-none-eabi/9.3.1/thumb/v7-m/nofp/crtbegin.o
                [!provide]                        PROVIDE (__fini_array_end = .)
                0x000000000800261c                . = ALIGN (0x4)
                0x000000000800261c                _sidata = LOADADDR (.data)

.data           0x0000000020000000       0x80 load address 0x000000000800261c
                0x0000000020000000                . = ALIGN (0x4)
                0x0000000020000000                _sdata = .
 *(.data)
 *(.data*)
 .data.KeyReg0  0x0000000020000000        0xc ./Core/Src/button.o
                0x0000000020000000                KeyReg0
 .data.KeyReg1  0x000000002000000c        0xc ./Core/Src/button.o
                0x000000002000000c                KeyReg1
 .data.KeyReg2  0x0000000020000018        0xc ./Core/Src/button.o
                0x0000000020000018                KeyReg2
 .data.KeyReg3  0x0000000020000024        0xc ./Core/Src/button.o
                0x0000000020000024                KeyReg3
 .data.TimeOutForKeyPress
                0x0000000020000030        0xc ./Core/Src/button.o
                0x0000000020000030                TimeOutForKeyPress
 .data.arr      0x000000002000003c       0x28 ./Core/Src/display_7segment.o
                0x000000002000003c                arr
 .data.led_duration
                0x0000000020000064        0xc ./Core/Src/fsm_automatic.o
                0x0000000020000064                led_duration
 .data.led_state2
                0x0000000020000070        0x4 ./Core/Src/fsm_automatic.o
                0x0000000020000070                led_state2
 .data.SystemCoreClock
                0x0000000020000074        0x4 ./Core/Src/system_stm32f1xx.o
                0x0000000020000074                SystemCoreClock
 .data.uwTickPrio
                0x0000000020000078        0x4 ./Drivers/STM32F1xx_HAL_Driver/Src/stm32f1xx_hal.o
                0x0000000020000078                uwTickPrio
 .data.uwTickFreq
                0x000000002000007c        0x1 ./Drivers/STM32F1xx_HAL_Driver/Src/stm32f1xx_hal.o
                0x000000002000007c                uwTickFreq
 *(.RamFunc)
 *(.RamFunc*)
                0x0000000020000080                . = ALIGN (0x4)
 *fill*         0x000000002000007d        0x3 
                0x0000000020000080                _edata = .

.igot.plt       0x0000000020000080        0x0 load address 0x000000000800269c
 .igot.plt      0x0000000020000080        0x0 c:/st/stm32cubeide_1.7.0/stm32cubeide/plugins/com.st.stm32cube.ide.mcu.externaltools.gnu-tools-for-stm32.9-2020-q2-update.win32_2.0.0.202105311346/tools/bin/../lib/gcc/arm-none-eabi/9.3.1/thumb/v7-m/nofp/crtbegin.o
                0x0000000020000080                . = ALIGN (0x4)

.bss            0x0000000020000080       0x9c load address 0x000000000800269c
                0x0000000020000080                _sbss = .
                0x0000000020000080                __bss_start__ = _sbss
 *(.bss)
 .bss           0x0000000020000080       0x1c c:/st/stm32cubeide_1.7.0/stm32cubeide/plugins/com.st.stm32cube.ide.mcu.externaltools.gnu-tools-for-stm32.9-2020-q2-update.win32_2.0.0.202105311346/tools/bin/../lib/gcc/arm-none-eabi/9.3.1/thumb/v7-m/nofp/crtbegin.o
 *(.bss*)
 .bss.button_flag
                0x000000002000009c        0xc ./Core/Src/button.o
                0x000000002000009c                button_flag
 .bss.led_state1
                0x00000000200000a8        0x4 ./Core/Src/fsm_automatic.o
                0x00000000200000a8                led_state1
 .bss.set_duration
                0x00000000200000ac        0x4 ./Core/Src/fsm_automatic.o
                0x00000000200000ac                set_duration
 .bss.index_7seg
                0x00000000200000b0        0x4 ./Core/Src/fsm_automatic.o
                0x00000000200000b0                index_7seg
 .bss.status    0x00000000200000b4        0x4 ./Core/Src/global.o
                0x00000000200000b4                status
 .bss.timer_counter1
                0x00000000200000b8        0x4 ./Core/Src/software_timer.o
                0x00000000200000b8                timer_counter1
 .bss.timer_counter2
                0x00000000200000bc        0x4 ./Core/Src/software_timer.o
                0x00000000200000bc                timer_counter2
 .bss.timer_counter3
                0x00000000200000c0        0x4 ./Core/Src/software_timer.o
                0x00000000200000c0                timer_counter3
 .bss.timer_flag1
                0x00000000200000c4        0x4 ./Core/Src/software_timer.o
                0x00000000200000c4                timer_flag1
 .bss.timer_flag2
                0x00000000200000c8        0x4 ./Core/Src/software_timer.o
                0x00000000200000c8                timer_flag2
 .bss.timer_flag3
                0x00000000200000cc        0x4 ./Core/Src/software_timer.o
                0x00000000200000cc                timer_flag3
 *(COMMON)
 COMMON         0x00000000200000d0       0x48 ./Core/Src/main.o
                0x00000000200000d0                htim2
 COMMON         0x0000000020000118        0x4 ./Drivers/STM32F1xx_HAL_Driver/Src/stm32f1xx_hal.o
                0x0000000020000118                uwTick
                0x000000002000011c                . = ALIGN (0x4)
                0x000000002000011c                _ebss = .
                0x000000002000011c                __bss_end__ = _ebss

._user_heap_stack
                0x000000002000011c      0x604 load address 0x000000000800269c
                0x0000000020000120                . = ALIGN (0x8)
 *fill*         0x000000002000011c        0x4 
                [!provide]                        PROVIDE (end = .)
                0x0000000020000120                PROVIDE (_end = .)
                0x0000000020000320                . = (. + _Min_Heap_Size)
 *fill*         0x0000000020000120      0x200 
                0x0000000020000720                . = (. + _Min_Stack_Size)
 *fill*         0x0000000020000320      0x400 
                0x0000000020000720                . = ALIGN (0x8)

/DISCARD/
 libc.a(*)
 libm.a(*)
 libgcc.a(*)

.ARM.attributes
                0x0000000000000000       0x29
 *(.ARM.attributes)
 .ARM.attributes
                0x0000000000000000       0x1d c:/st/stm32cubeide_1.7.0/stm32cubeide/plugins/com.st.stm32cube.ide.mcu.externaltools.gnu-tools-for-stm32.9-2020-q2-update.win32_2.0.0.202105311346/tools/bin/../lib/gcc/arm-none-eabi/9.3.1/thumb/v7-m/nofp/crti.o
 .ARM.attributes
                0x000000000000001d       0x2d c:/st/stm32cubeide_1.7.0/stm32cubeide/plugins/com.st.stm32cube.ide.mcu.externaltools.gnu-tools-for-stm32.9-2020-q2-update.win32_2.0.0.202105311346/tools/bin/../lib/gcc/arm-none-eabi/9.3.1/thumb/v7-m/nofp/crtbegin.o
 .ARM.attributes
                0x000000000000004a       0x2d ./Core/Src/button.o
 .ARM.attributes
                0x0000000000000077       0x2d ./Core/Src/display_7segment.o
 .ARM.attributes
                0x00000000000000a4       0x2d ./Core/Src/fsm_automatic.o
 .ARM.attributes
                0x00000000000000d1       0x33 ./Core/Src/global.o
 .ARM.attributes
                0x0000000000000104       0x2d ./Core/Src/main.o
 .ARM.attributes
                0x0000000000000131       0x2d ./Core/Src/software_timer.o
 .ARM.attributes
                0x000000000000015e       0x2d ./Core/Src/stm32f1xx_hal_msp.o
 .ARM.attributes
                0x000000000000018b       0x2d ./Core/Src/stm32f1xx_it.o
 .ARM.attributes
                0x00000000000001b8       0x2d ./Core/Src/system_stm32f1xx.o
 .ARM.attributes
                0x00000000000001e5       0x2d ./Core/Src/traffic_led.o
 .ARM.attributes
                0x0000000000000212       0x21 ./Core/Startup/startup_stm32f103c6ux.o
 .ARM.attributes
                0x0000000000000233       0x2d ./Drivers/STM32F1xx_HAL_Driver/Src/stm32f1xx_hal.o
 .ARM.attributes
                0x0000000000000260       0x2d ./Drivers/STM32F1xx_HAL_Driver/Src/stm32f1xx_hal_cortex.o
 .ARM.attributes
                0x000000000000028d       0x2d ./Drivers/STM32F1xx_HAL_Driver/Src/stm32f1xx_hal_gpio.o
 .ARM.attributes
                0x00000000000002ba       0x2d ./Drivers/STM32F1xx_HAL_Driver/Src/stm32f1xx_hal_rcc.o
 .ARM.attributes
                0x00000000000002e7       0x2d ./Drivers/STM32F1xx_HAL_Driver/Src/stm32f1xx_hal_tim.o
 .ARM.attributes
                0x0000000000000314       0x2d ./Drivers/STM32F1xx_HAL_Driver/Src/stm32f1xx_hal_tim_ex.o
 .ARM.attributes
                0x0000000000000341       0x2d c:/st/stm32cubeide_1.7.0/stm32cubeide/plugins/com.st.stm32cube.ide.mcu.externaltools.gnu-tools-for-stm32.9-2020-q2-update.win32_2.0.0.202105311346/tools/bin/../lib/gcc/arm-none-eabi/9.3.1/../../../../arm-none-eabi/lib/thumb/v7-m/nofp\libc_nano.a(lib_a-init.o)
 .ARM.attributes
                0x000000000000036e       0x2d c:/st/stm32cubeide_1.7.0/stm32cubeide/plugins/com.st.stm32cube.ide.mcu.externaltools.gnu-tools-for-stm32.9-2020-q2-update.win32_2.0.0.202105311346/tools/bin/../lib/gcc/arm-none-eabi/9.3.1/../../../../arm-none-eabi/lib/thumb/v7-m/nofp\libc_nano.a(lib_a-memset.o)
 .ARM.attributes
                0x000000000000039b       0x1d c:/st/stm32cubeide_1.7.0/stm32cubeide/plugins/com.st.stm32cube.ide.mcu.externaltools.gnu-tools-for-stm32.9-2020-q2-update.win32_2.0.0.202105311346/tools/bin/../lib/gcc/arm-none-eabi/9.3.1/thumb/v7-m/nofp/crtn.o
OUTPUT(LED_Animation.elf elf32-littlearm)
LOAD linker stubs
LOAD c:/st/stm32cubeide_1.7.0/stm32cubeide/plugins/com.st.stm32cube.ide.mcu.externaltools.gnu-tools-for-stm32.9-2020-q2-update.win32_2.0.0.202105311346/tools/bin/../lib/gcc/arm-none-eabi/9.3.1/../../../../arm-none-eabi/lib/thumb/v7-m/nofp\libc.a
LOAD c:/st/stm32cubeide_1.7.0/stm32cubeide/plugins/com.st.stm32cube.ide.mcu.externaltools.gnu-tools-for-stm32.9-2020-q2-update.win32_2.0.0.202105311346/tools/bin/../lib/gcc/arm-none-eabi/9.3.1/../../../../arm-none-eabi/lib/thumb/v7-m/nofp\libm.a
LOAD c:/st/stm32cubeide_1.7.0/stm32cubeide/plugins/com.st.stm32cube.ide.mcu.externaltools.gnu-tools-for-stm32.9-2020-q2-update.win32_2.0.0.202105311346/tools/bin/../lib/gcc/arm-none-eabi/9.3.1/thumb/v7-m/nofp\libgcc.a

.debug_info     0x0000000000000000     0x8ef0
 .debug_info    0x0000000000000000      0x2ed ./Core/Src/button.o
 .debug_info    0x00000000000002ed      0x2c0 ./Core/Src/display_7segment.o
 .debug_info    0x00000000000005ad      0x2e8 ./Core/Src/fsm_automatic.o
 .debug_info    0x0000000000000895       0x43 ./Core/Src/global.o
 .debug_info    0x00000000000008d8      0xc00 ./Core/Src/main.o
 .debug_info    0x00000000000014d8      0x14d ./Core/Src/software_timer.o
 .debug_info    0x0000000000001625      0xa04 ./Core/Src/stm32f1xx_hal_msp.o
 .debug_info    0x0000000000002029      0x7b4 ./Core/Src/stm32f1xx_it.o
 .debug_info    0x00000000000027dd      0x2be ./Core/Src/system_stm32f1xx.o
 .debug_info    0x0000000000002a9b      0x280 ./Core/Src/traffic_led.o
 .debug_info    0x0000000000002d1b       0x22 ./Core/Startup/startup_stm32f103c6ux.o
 .debug_info    0x0000000000002d3d      0x74c ./Drivers/STM32F1xx_HAL_Driver/Src/stm32f1xx_hal.o
 .debug_info    0x0000000000003489      0xbbe ./Drivers/STM32F1xx_HAL_Driver/Src/stm32f1xx_hal_cortex.o
 .debug_info    0x0000000000004047      0x701 ./Drivers/STM32F1xx_HAL_Driver/Src/stm32f1xx_hal_gpio.o
 .debug_info    0x0000000000004748      0x88e ./Drivers/STM32F1xx_HAL_Driver/Src/stm32f1xx_hal_rcc.o
 .debug_info    0x0000000000004fd6     0x2a45 ./Drivers/STM32F1xx_HAL_Driver/Src/stm32f1xx_hal_tim.o
 .debug_info    0x0000000000007a1b     0x14d5 ./Drivers/STM32F1xx_HAL_Driver/Src/stm32f1xx_hal_tim_ex.o

.debug_abbrev   0x0000000000000000     0x1a6d
 .debug_abbrev  0x0000000000000000      0x13b ./Core/Src/button.o
 .debug_abbrev  0x000000000000013b      0x149 ./Core/Src/display_7segment.o
 .debug_abbrev  0x0000000000000284      0x109 ./Core/Src/fsm_automatic.o
 .debug_abbrev  0x000000000000038d       0x40 ./Core/Src/global.o
 .debug_abbrev  0x00000000000003cd      0x22c ./Core/Src/main.o
 .debug_abbrev  0x00000000000005f9       0xa3 ./Core/Src/software_timer.o
 .debug_abbrev  0x000000000000069c      0x1b7 ./Core/Src/stm32f1xx_hal_msp.o
 .debug_abbrev  0x0000000000000853      0x176 ./Core/Src/stm32f1xx_it.o
 .debug_abbrev  0x00000000000009c9      0x14e ./Core/Src/system_stm32f1xx.o
 .debug_abbrev  0x0000000000000b17      0x125 ./Core/Src/traffic_led.o
 .debug_abbrev  0x0000000000000c3c       0x12 ./Core/Startup/startup_stm32f103c6ux.o
 .debug_abbrev  0x0000000000000c4e      0x1ed ./Drivers/STM32F1xx_HAL_Driver/Src/stm32f1xx_hal.o
 .debug_abbrev  0x0000000000000e3b      0x313 ./Drivers/STM32F1xx_HAL_Driver/Src/stm32f1xx_hal_cortex.o
 .debug_abbrev  0x000000000000114e      0x1e8 ./Drivers/STM32F1xx_HAL_Driver/Src/stm32f1xx_hal_gpio.o
 .debug_abbrev  0x0000000000001336      0x273 ./Drivers/STM32F1xx_HAL_Driver/Src/stm32f1xx_hal_rcc.o
 .debug_abbrev  0x00000000000015a9      0x25e ./Drivers/STM32F1xx_HAL_Driver/Src/stm32f1xx_hal_tim.o
 .debug_abbrev  0x0000000000001807      0x266 ./Drivers/STM32F1xx_HAL_Driver/Src/stm32f1xx_hal_tim_ex.o

.debug_aranges  0x0000000000000000      0xa28
 .debug_aranges
                0x0000000000000000       0x20 ./Core/Src/button.o
 .debug_aranges
                0x0000000000000020       0x30 ./Core/Src/display_7segment.o
 .debug_aranges
                0x0000000000000050       0x28 ./Core/Src/fsm_automatic.o
 .debug_aranges
                0x0000000000000078       0x18 ./Core/Src/global.o
 .debug_aranges
                0x0000000000000090       0x48 ./Core/Src/main.o
 .debug_aranges
                0x00000000000000d8       0x38 ./Core/Src/software_timer.o
 .debug_aranges
                0x0000000000000110       0x30 ./Core/Src/stm32f1xx_hal_msp.o
 .debug_aranges
                0x0000000000000140       0x68 ./Core/Src/stm32f1xx_it.o
 .debug_aranges
                0x00000000000001a8       0x28 ./Core/Src/system_stm32f1xx.o
 .debug_aranges
                0x00000000000001d0       0x30 ./Core/Src/traffic_led.o
 .debug_aranges
                0x0000000000000200       0x28 ./Core/Startup/startup_stm32f103c6ux.o
 .debug_aranges
                0x0000000000000228       0xe0 ./Drivers/STM32F1xx_HAL_Driver/Src/stm32f1xx_hal.o
 .debug_aranges
                0x0000000000000308      0x100 ./Drivers/STM32F1xx_HAL_Driver/Src/stm32f1xx_hal_cortex.o
 .debug_aranges
                0x0000000000000408       0x58 ./Drivers/STM32F1xx_HAL_Driver/Src/stm32f1xx_hal_gpio.o
 .debug_aranges
                0x0000000000000460       0x90 ./Drivers/STM32F1xx_HAL_Driver/Src/stm32f1xx_hal_rcc.o
 .debug_aranges
                0x00000000000004f0      0x3d0 ./Drivers/STM32F1xx_HAL_Driver/Src/stm32f1xx_hal_tim.o
 .debug_aranges
                0x00000000000008c0      0x168 ./Drivers/STM32F1xx_HAL_Driver/Src/stm32f1xx_hal_tim_ex.o

.debug_ranges   0x0000000000000000      0x918
 .debug_ranges  0x0000000000000000       0x10 ./Core/Src/button.o
 .debug_ranges  0x0000000000000010       0x20 ./Core/Src/display_7segment.o
 .debug_ranges  0x0000000000000030       0x18 ./Core/Src/fsm_automatic.o
 .debug_ranges  0x0000000000000048       0x38 ./Core/Src/main.o
 .debug_ranges  0x0000000000000080       0x28 ./Core/Src/software_timer.o
 .debug_ranges  0x00000000000000a8       0x20 ./Core/Src/stm32f1xx_hal_msp.o
 .debug_ranges  0x00000000000000c8       0x58 ./Core/Src/stm32f1xx_it.o
 .debug_ranges  0x0000000000000120       0x18 ./Core/Src/system_stm32f1xx.o
 .debug_ranges  0x0000000000000138       0x20 ./Core/Src/traffic_led.o
 .debug_ranges  0x0000000000000158       0x20 ./Core/Startup/startup_stm32f103c6ux.o
 .debug_ranges  0x0000000000000178       0xd0 ./Drivers/STM32F1xx_HAL_Driver/Src/stm32f1xx_hal.o
 .debug_ranges  0x0000000000000248       0xf0 ./Drivers/STM32F1xx_HAL_Driver/Src/stm32f1xx_hal_cortex.o
 .debug_ranges  0x0000000000000338       0x48 ./Drivers/STM32F1xx_HAL_Driver/Src/stm32f1xx_hal_gpio.o
 .debug_ranges  0x0000000000000380       0x80 ./Drivers/STM32F1xx_HAL_Driver/Src/stm32f1xx_hal_rcc.o
 .debug_ranges  0x0000000000000400      0x3c0 ./Drivers/STM32F1xx_HAL_Driver/Src/stm32f1xx_hal_tim.o
 .debug_ranges  0x00000000000007c0      0x158 ./Drivers/STM32F1xx_HAL_Driver/Src/stm32f1xx_hal_tim_ex.o

.debug_macro    0x0000000000000000    0x1699b
 .debug_macro   0x0000000000000000      0x1b0 ./Core/Src/button.o
 .debug_macro   0x00000000000001b0      0xa9c ./Core/Src/button.o
 .debug_macro   0x0000000000000c4c      0x215 ./Core/Src/button.o
 .debug_macro   0x0000000000000e61       0x2e ./Core/Src/button.o
 .debug_macro   0x0000000000000e8f       0x22 ./Core/Src/button.o
 .debug_macro   0x0000000000000eb1       0x22 ./Core/Src/button.o
 .debug_macro   0x0000000000000ed3       0x8e ./Core/Src/button.o
 .debug_macro   0x0000000000000f61       0x51 ./Core/Src/button.o
 .debug_macro   0x0000000000000fb2      0x103 ./Core/Src/button.o
 .debug_macro   0x00000000000010b5       0x6a ./Core/Src/button.o
 .debug_macro   0x000000000000111f      0x1df ./Core/Src/button.o
 .debug_macro   0x00000000000012fe       0x1c ./Core/Src/button.o
 .debug_macro   0x000000000000131a       0x22 ./Core/Src/button.o
 .debug_macro   0x000000000000133c       0xc3 ./Core/Src/button.o
 .debug_macro   0x00000000000013ff      0xd23 ./Core/Src/button.o
 .debug_macro   0x0000000000002122     0xde75 ./Core/Src/button.o
 .debug_macro   0x000000000000ff97       0x6d ./Core/Src/button.o
 .debug_macro   0x0000000000010004     0x3468 ./Core/Src/button.o
 .debug_macro   0x000000000001346c      0x174 ./Core/Src/button.o
 .debug_macro   0x00000000000135e0       0x5c ./Core/Src/button.o
 .debug_macro   0x000000000001363c      0x5be ./Core/Src/button.o
 .debug_macro   0x0000000000013bfa      0x1b7 ./Core/Src/button.o
 .debug_macro   0x0000000000013db1      0x1cb ./Core/Src/button.o
 .debug_macro   0x0000000000013f7c      0x114 ./Core/Src/button.o
 .debug_macro   0x0000000000014090      0x1b2 ./Core/Src/button.o
 .debug_macro   0x0000000000014242       0x27 ./Core/Src/button.o
 .debug_macro   0x0000000000014269      0x12f ./Core/Src/button.o
 .debug_macro   0x0000000000014398      0x1bc ./Core/Src/button.o
 .debug_macro   0x0000000000014554       0x34 ./Core/Src/button.o
 .debug_macro   0x0000000000014588       0x3c ./Core/Src/button.o
 .debug_macro   0x00000000000145c4       0x57 ./Core/Src/button.o
 .debug_macro   0x000000000001461b       0x88 ./Core/Src/button.o
 .debug_macro   0x00000000000146a3      0x183 ./Core/Src/button.o
 .debug_macro   0x0000000000014826      0x141 ./Core/Src/button.o
 .debug_macro   0x0000000000014967      0x8d1 ./Core/Src/button.o
 .debug_macro   0x0000000000015238       0x69 ./Core/Src/button.o
 .debug_macro   0x00000000000152a1       0x28 ./Core/Src/button.o
 .debug_macro   0x00000000000152c9       0x16 ./Core/Src/button.o
 .debug_macro   0x00000000000152df      0x1b1 ./Core/Src/display_7segment.o
 .debug_macro   0x0000000000015490      0x1e0 ./Core/Src/fsm_automatic.o
 .debug_macro   0x0000000000015670       0x28 ./Core/Src/fsm_automatic.o
 .debug_macro   0x0000000000015698       0x10 ./Core/Src/fsm_automatic.o
 .debug_macro   0x00000000000156a8       0x1a ./Core/Src/global.o
 .debug_macro   0x00000000000156c2      0x1ec ./Core/Src/main.o
 .debug_macro   0x00000000000158ae       0x1a ./Core/Src/software_timer.o
 .debug_macro   0x00000000000158c8      0x1a7 ./Core/Src/stm32f1xx_hal_msp.o
 .debug_macro   0x0000000000015a6f      0x1b1 ./Core/Src/stm32f1xx_it.o
 .debug_macro   0x0000000000015c20      0x198 ./Core/Src/system_stm32f1xx.o
 .debug_macro   0x0000000000015db8      0x1b1 ./Core/Src/traffic_led.o
 .debug_macro   0x0000000000015f69      0x1bc ./Drivers/STM32F1xx_HAL_Driver/Src/stm32f1xx_hal.o
 .debug_macro   0x0000000000016125      0x198 ./Drivers/STM32F1xx_HAL_Driver/Src/stm32f1xx_hal_cortex.o
 .debug_macro   0x00000000000162bd      0x203 ./Drivers/STM32F1xx_HAL_Driver/Src/stm32f1xx_hal_gpio.o
 .debug_macro   0x00000000000164c0      0x1aa ./Drivers/STM32F1xx_HAL_Driver/Src/stm32f1xx_hal_rcc.o
 .debug_macro   0x000000000001666a      0x199 ./Drivers/STM32F1xx_HAL_Driver/Src/stm32f1xx_hal_tim.o
 .debug_macro   0x0000000000016803      0x198 ./Drivers/STM32F1xx_HAL_Driver/Src/stm32f1xx_hal_tim_ex.o

.debug_line     0x0000000000000000     0xb125
 .debug_line    0x0000000000000000      0x712 ./Core/Src/button.o
 .debug_line    0x0000000000000712      0x757 ./Core/Src/display_7segment.o
 .debug_line    0x0000000000000e69      0x83e ./Core/Src/fsm_automatic.o
 .debug_line    0x00000000000016a7       0x4d ./Core/Src/global.o
 .debug_line    0x00000000000016f4      0x7eb ./Core/Src/main.o
 .debug_line    0x0000000000001edf       0xfe ./Core/Src/software_timer.o
 .debug_line    0x0000000000001fdd      0x6a1 ./Core/Src/stm32f1xx_hal_msp.o
 .debug_line    0x000000000000267e      0x73f ./Core/Src/stm32f1xx_it.o
 .debug_line    0x0000000000002dbd      0x6e3 ./Core/Src/system_stm32f1xx.o
 .debug_line    0x00000000000034a0      0x6d3 ./Core/Src/traffic_led.o
 .debug_line    0x0000000000003b73       0x87 ./Core/Startup/startup_stm32f103c6ux.o
 .debug_line    0x0000000000003bfa      0x910 ./Drivers/STM32F1xx_HAL_Driver/Src/stm32f1xx_hal.o
 .debug_line    0x000000000000450a      0xaf8 ./Drivers/STM32F1xx_HAL_Driver/Src/stm32f1xx_hal_cortex.o
 .debug_line    0x0000000000005002      0x991 ./Drivers/STM32F1xx_HAL_Driver/Src/stm32f1xx_hal_gpio.o
 .debug_line    0x0000000000005993      0xd1e ./Drivers/STM32F1xx_HAL_Driver/Src/stm32f1xx_hal_rcc.o
 .debug_line    0x00000000000066b1     0x326e ./Drivers/STM32F1xx_HAL_Driver/Src/stm32f1xx_hal_tim.o
 .debug_line    0x000000000000991f     0x1806 ./Drivers/STM32F1xx_HAL_Driver/Src/stm32f1xx_hal_tim_ex.o

.debug_str      0x0000000000000000    0x81e17
 .debug_str     0x0000000000000000    0x7f291 ./Core/Src/button.o
                                      0x7f5ce (size before relaxing)
 .debug_str     0x000000000007f291       0x72 ./Core/Src/display_7segment.o
                                      0x7f5a1 (size before relaxing)
 .debug_str     0x000000000007f303      0x145 ./Core/Src/fsm_automatic.o
                                      0x7f6c0 (size before relaxing)
 .debug_str     0x000000000007f448       0x15 ./Core/Src/global.o
                                       0x2dae (size before relaxing)
 .debug_str     0x000000000007f45d      0x6fb ./Core/Src/main.o
                                      0x7fe0a (size before relaxing)
 .debug_str     0x000000000007fb58       0x44 ./Core/Src/software_timer.o
                                       0x2e19 (size before relaxing)
 .debug_str     0x000000000007fb9c      0x2ba ./Core/Src/stm32f1xx_hal_msp.o
                                      0x7fd29 (size before relaxing)
 .debug_str     0x000000000007fe56       0xcd ./Core/Src/stm32f1xx_it.o
                                      0x7fa8b (size before relaxing)
 .debug_str     0x000000000007ff23       0x52 ./Core/Src/system_stm32f1xx.o
                                      0x7f504 (size before relaxing)
 .debug_str     0x000000000007ff75       0x39 ./Core/Src/traffic_led.o
                                      0x7f582 (size before relaxing)
 .debug_str     0x000000000007ffae       0x36 ./Core/Startup/startup_stm32f103c6ux.o
                                         0x6f (size before relaxing)
 .debug_str     0x000000000007ffe4      0x304 ./Drivers/STM32F1xx_HAL_Driver/Src/stm32f1xx_hal.o
                                      0x7fb5b (size before relaxing)
 .debug_str     0x00000000000802e8      0x300 ./Drivers/STM32F1xx_HAL_Driver/Src/stm32f1xx_hal_cortex.o
                                      0x7fb63 (size before relaxing)
 .debug_str     0x00000000000805e8      0x324 ./Drivers/STM32F1xx_HAL_Driver/Src/stm32f1xx_hal_gpio.o
                                      0x7f8c8 (size before relaxing)
 .debug_str     0x000000000008090c      0x24f ./Drivers/STM32F1xx_HAL_Driver/Src/stm32f1xx_hal_rcc.o
                                      0x7f901 (size before relaxing)
 .debug_str     0x0000000000080b5b      0xdce ./Drivers/STM32F1xx_HAL_Driver/Src/stm32f1xx_hal_tim.o
                                      0x808d3 (size before relaxing)
 .debug_str     0x0000000000081929      0x4ee ./Drivers/STM32F1xx_HAL_Driver/Src/stm32f1xx_hal_tim_ex.o
                                      0x80084 (size before relaxing)

.comment        0x0000000000000000       0x53
 .comment       0x0000000000000000       0x53 ./Core/Src/button.o
                                         0x54 (size before relaxing)
 .comment       0x0000000000000053       0x54 ./Core/Src/display_7segment.o
 .comment       0x0000000000000053       0x54 ./Core/Src/fsm_automatic.o
 .comment       0x0000000000000053       0x54 ./Core/Src/global.o
 .comment       0x0000000000000053       0x54 ./Core/Src/main.o
 .comment       0x0000000000000053       0x54 ./Core/Src/software_timer.o
 .comment       0x0000000000000053       0x54 ./Core/Src/stm32f1xx_hal_msp.o
 .comment       0x0000000000000053       0x54 ./Core/Src/stm32f1xx_it.o
 .comment       0x0000000000000053       0x54 ./Core/Src/system_stm32f1xx.o
 .comment       0x0000000000000053       0x54 ./Core/Src/traffic_led.o
 .comment       0x0000000000000053       0x54 ./Drivers/STM32F1xx_HAL_Driver/Src/stm32f1xx_hal.o
 .comment       0x0000000000000053       0x54 ./Drivers/STM32F1xx_HAL_Driver/Src/stm32f1xx_hal_cortex.o
 .comment       0x0000000000000053       0x54 ./Drivers/STM32F1xx_HAL_Driver/Src/stm32f1xx_hal_gpio.o
 .comment       0x0000000000000053       0x54 ./Drivers/STM32F1xx_HAL_Driver/Src/stm32f1xx_hal_rcc.o
 .comment       0x0000000000000053       0x54 ./Drivers/STM32F1xx_HAL_Driver/Src/stm32f1xx_hal_tim.o
 .comment       0x0000000000000053       0x54 ./Drivers/STM32F1xx_HAL_Driver/Src/stm32f1xx_hal_tim_ex.o

.debug_frame    0x0000000000000000     0x27e8
 .debug_frame   0x0000000000000000       0x34 ./Core/Src/button.o
 .debug_frame   0x0000000000000034       0x7c ./Core/Src/display_7segment.o
 .debug_frame   0x00000000000000b0       0x48 ./Core/Src/fsm_automatic.o
 .debug_frame   0x00000000000000f8       0xd4 ./Core/Src/main.o
 .debug_frame   0x00000000000001cc       0xa8 ./Core/Src/software_timer.o
 .debug_frame   0x0000000000000274       0x80 ./Core/Src/stm32f1xx_hal_msp.o
 .debug_frame   0x00000000000002f4      0x120 ./Core/Src/stm32f1xx_it.o
 .debug_frame   0x0000000000000414       0x58 ./Core/Src/system_stm32f1xx.o
 .debug_frame   0x000000000000046c       0x7c ./Core/Src/traffic_led.o
 .debug_frame   0x00000000000004e8      0x334 ./Drivers/STM32F1xx_HAL_Driver/Src/stm32f1xx_hal.o
 .debug_frame   0x000000000000081c      0x428 ./Drivers/STM32F1xx_HAL_Driver/Src/stm32f1xx_hal_cortex.o
 .debug_frame   0x0000000000000c44      0x14c ./Drivers/STM32F1xx_HAL_Driver/Src/stm32f1xx_hal_gpio.o
 .debug_frame   0x0000000000000d90      0x21c ./Drivers/STM32F1xx_HAL_Driver/Src/stm32f1xx_hal_rcc.o
 .debug_frame   0x0000000000000fac     0x11b8 ./Drivers/STM32F1xx_HAL_Driver/Src/stm32f1xx_hal_tim.o
 .debug_frame   0x0000000000002164      0x638 ./Drivers/STM32F1xx_HAL_Driver/Src/stm32f1xx_hal_tim_ex.o
 .debug_frame   0x000000000000279c       0x2c c:/st/stm32cubeide_1.7.0/stm32cubeide/plugins/com.st.stm32cube.ide.mcu.externaltools.gnu-tools-for-stm32.9-2020-q2-update.win32_2.0.0.202105311346/tools/bin/../lib/gcc/arm-none-eabi/9.3.1/../../../../arm-none-eabi/lib/thumb/v7-m/nofp\libc_nano.a(lib_a-init.o)
 .debug_frame   0x00000000000027c8       0x20 c:/st/stm32cubeide_1.7.0/stm32cubeide/plugins/com.st.stm32cube.ide.mcu.externaltools.gnu-tools-for-stm32.9-2020-q2-update.win32_2.0.0.202105311346/tools/bin/../lib/gcc/arm-none-eabi/9.3.1/../../../../arm-none-eabi/lib/thumb/v7-m/nofp\libc_nano.a(lib_a-memset.o)
